Drill report for PCB_SALUS_v3.kicad_pcb
Created on 2026-08-12T16:04:17

Copper Layer Stackup:
    =============================================================
    L1 :  F.Cu                      front
    L2 :  B.Cu                      back


Drill file 'PCB_SALUS_v3.drl' contains
    plated through holes:
    =============================================================
    T1  0.200mm  0.0079"  (12 holes))
    T2  0.300mm  0.0118"  (292 holes))
    T3  0.400mm  0.0157"  (42 holes))
    T4  0.600mm  0.0236"  (4 holes)  (with 4 slots)
    T5  1.000mm  0.0394"  (81 holes))

    Total plated holes count 431


Not plated through holes are merged with plated holes
    unplated through holes:
    =============================================================
    T6  0.650mm  0.0256"  (2 holes))

    Total unplated holes count 2
